{"error":"File upload failed: The bucket you are attempting to access must be addressed using the specified endpoint. Please send all future requests to this endpoint.","level":"error","message":"File upload to S3 failed","timestamp":"2026-01-17 15:21:03"}
{"error":"File upload failed: The bucket you are attempting to access must be addressed using the specified endpoint. Please send all future requests to this endpoint.","level":"error","message":"File upload to S3 failed","timestamp":"2026-01-17 15:21:36"}
{"error":"File upload failed: The bucket you are attempting to access must be addressed using the specified endpoint. Please send all future requests to this endpoint.","level":"error","message":"File upload to S3 failed","timestamp":"2026-01-17 15:26:39"}
{"error":"File upload failed: The bucket you are attempting to access must be addressed using the specified endpoint. Please send all future requests to this endpoint.","level":"error","message":"File upload to S3 failed","timestamp":"2026-01-17 15:27:49"}
{"error":"File upload failed: The bucket you are attempting to access must be addressed using the specified endpoint. Please send all future requests to this endpoint.","level":"error","message":"File upload to S3 failed","timestamp":"2026-01-17 15:28:28"}
{"error":"File upload failed: Access Denied","level":"error","message":"File upload to S3 failed","timestamp":"2026-01-17 15:45:27"}
{"error":"File upload failed: Access Denied","level":"error","message":"File upload to S3 failed","timestamp":"2026-01-17 15:55:13"}
{"error":"File upload failed: The AWS Access Key Id you provided does not exist in our records.","level":"error","message":"File upload to S3 failed","timestamp":"2026-01-17 16:15:10"}
{"error":"File upload failed: Access Denied","level":"error","message":"File upload to S3 failed","timestamp":"2026-01-17 16:15:46"}
{"level":"info","message":"Profile image uploaded for user 5","path":"/profile_img/d245b05c-010d-4eb9-982a-09ef215df2b6.png","timestamp":"2026-01-18 08:04:10"}
{"level":"info","message":"Profile image uploaded for user 5","path":"/uploads/profile_img/ea98c1e3-4b37-4d2a-a364-045030d5c7f3.jpg","timestamp":"2026-01-19 11:51:27"}
{"level":"info","message":"Profile image uploaded for user 5","path":"/uploads/profile_img/014d0b09-f961-4ebd-a08c-7f132c783806.jpg","timestamp":"2026-01-19 13:38:11"}
{"level":"info","message":"Profile image uploaded for user 5","path":"/uploads/profile_img/b004bd3e-721f-4902-8731-87bd2174ff37.jpg","timestamp":"2026-01-19 14:04:36"}
{"level":"info","message":"Profile image uploaded for user 5","path":"/uploads/profile_img/0c0838f5-f9a3-4dd5-a1ad-c0ba129c37c3.png","timestamp":"2026-01-20 22:23:00"}
{"level":"info","message":"Profile image uploaded for user 5","path":"/uploads/profile_img/83802585-3d7c-4967-9716-3331863d1600.png","timestamp":"2026-01-20 22:36:38"}
{"environment":"development","error":"Access denied for user 'root'@'localhost' (using password: YES)","level":"error","message":"Database connection failed","service":"snm-medical-api","timestamp":"2026-03-02 19:20:38"}
{"database":"snm_dispensary","environment":"development","level":"info","message":"MySQL Database connected successfully","service":"snm-medical-api","timestamp":"2026-03-02 19:27:01"}
{"environment":"development","level":"info","message":"Database query test successful","service":"snm-medical-api","timestamp":"2026-03-02 19:27:02"}
{"body":"N/A","environment":"development","ip":"::1","level":"info","message":"Incoming Request","method":"GET","path":"/health","requestId":"7ce70ff1-98cf-4b33-b2a4-e706e8c79457","service":"snm-medical-api","timestamp":"2026-03-02 19:27:29","userAgent":"Mozilla/5.0 (Windows NT 10.0; Win64; x64) AppleWebKit/537.36 (KHTML, like Gecko) Chrome/145.0.0.0 Safari/537.36"}
{"duration":"5ms","environment":"development","level":"info","message":"Response Sent","method":"GET","path":"/health","requestId":"7ce70ff1-98cf-4b33-b2a4-e706e8c79457","service":"snm-medical-api","statusCode":200,"timestamp":"2026-03-02 19:27:29"}
{"body":"N/A","environment":"development","ip":"::1","level":"info","message":"Incoming Request","method":"GET","path":"/favicon.ico","requestId":"59977cc6-f327-4804-a329-32d41c9628ab","service":"snm-medical-api","timestamp":"2026-03-02 19:27:30","userAgent":"Mozilla/5.0 (Windows NT 10.0; Win64; x64) AppleWebKit/537.36 (KHTML, like Gecko) Chrome/145.0.0.0 Safari/537.36"}
{"environment":"development","level":"warn","message":"404 - Route not found","method":"GET","path":"/favicon.ico","service":"snm-medical-api","timestamp":"2026-03-02 19:27:30"}
{"duration":"5ms","environment":"development","level":"info","message":"Response Sent","method":"GET","path":"/favicon.ico","requestId":"59977cc6-f327-4804-a329-32d41c9628ab","service":"snm-medical-api","statusCode":404,"success":false,"timestamp":"2026-03-02 19:27:30"}
{"body":"N/A","environment":"development","ip":"::1","level":"info","message":"Incoming Request","method":"GET","path":"/uploads/profile_img/0c0838f5-f9a3-4dd5-a1ad-c0ba129c37c3.png","requestId":"2a70fd68-e871-493e-b33c-63e74a4942dc","service":"snm-medical-api","timestamp":"2026-03-02 19:28:11","userAgent":"Mozilla/5.0 (Windows NT 10.0; Win64; x64) AppleWebKit/537.36 (KHTML, like Gecko) Chrome/145.0.0.0 Safari/537.36"}
{"environment":"development","level":"warn","message":"404 - Route not found","method":"GET","path":"/uploads/profile_img/0c0838f5-f9a3-4dd5-a1ad-c0ba129c37c3.png","service":"snm-medical-api","timestamp":"2026-03-02 19:28:11"}
{"duration":"4ms","environment":"development","level":"info","message":"Response Sent","method":"GET","path":"/uploads/profile_img/0c0838f5-f9a3-4dd5-a1ad-c0ba129c37c3.png","requestId":"2a70fd68-e871-493e-b33c-63e74a4942dc","service":"snm-medical-api","statusCode":404,"success":false,"timestamp":"2026-03-02 19:28:11"}
{"body":"N/A","environment":"development","errorId":"88acc17f-045c-4b28-bb79-d013528b7f42","ip":"::1","level":"error","message":"Unhandled Error: Cannot read properties of undefined (reading 'substring')","method":"POST","path":"/api/auth/login","service":"snm-medical-api","stack":"TypeError: Cannot read properties of undefined (reading 'substring')\n    at requestLogger (C:\\SNM_Medical\\backend\\src\\middlewares\\requestLogger.js:22:58)\n    at Layer.handleRequest (C:\\SNM_Medical\\backend\\node_modules\\router\\lib\\layer.js:152:17)\n    at trimPrefix (C:\\SNM_Medical\\backend\\node_modules\\router\\index.js:342:13)\n    at C:\\SNM_Medical\\backend\\node_modules\\router\\index.js:297:9\n    at processParams (C:\\SNM_Medical\\backend\\node_modules\\router\\index.js:582:12)\n    at next (C:\\SNM_Medical\\backend\\node_modules\\router\\index.js:291:5)\n    at logger (C:\\SNM_Medical\\backend\\node_modules\\morgan\\index.js:144:5)\n    at Layer.handleRequest (C:\\SNM_Medical\\backend\\node_modules\\router\\lib\\layer.js:152:17)\n    at trimPrefix (C:\\SNM_Medical\\backend\\node_modules\\router\\index.js:342:13)\n    at C:\\SNM_Medical\\backend\\node_modules\\router\\index.js:297:9\n    at processParams (C:\\SNM_Medical\\backend\\node_modules\\router\\index.js:582:12)\n    at next (C:\\SNM_Medical\\backend\\node_modules\\router\\index.js:291:5)\n    at internalNext (C:\\SNM_Medical\\backend\\node_modules\\helmet\\index.cjs:531:6)\n    at xXssProtectionMiddleware (C:\\SNM_Medical\\backend\\node_modules\\helmet\\index.cjs:311:3)\n    at internalNext (C:\\SNM_Medical\\backend\\node_modules\\helmet\\index.cjs:529:6)\n    at xPoweredByMiddleware (C:\\SNM_Medical\\backend\\node_modules\\helmet\\index.cjs:304:3)","statusCode":500,"timestamp":"2026-03-02 19:28:26","userAgent":"Mozilla/5.0 (Windows NT 10.0; Win64; x64) AppleWebKit/537.36 (KHTML, like Gecko) Chrome/145.0.0.0 Safari/537.36","userId":"anonymous"}
{"body":"N/A","environment":"development","errorId":"33c09529-5e8f-4d2f-b312-f1771693dade","ip":"::1","level":"error","message":"Unhandled Error: Cannot read properties of undefined (reading 'substring')","method":"POST","path":"/api/auth/forgot-password-validate","service":"snm-medical-api","stack":"TypeError: Cannot read properties of undefined (reading 'substring')\n    at requestLogger (C:\\SNM_Medical\\backend\\src\\middlewares\\requestLogger.js:22:58)\n    at Layer.handleRequest (C:\\SNM_Medical\\backend\\node_modules\\router\\lib\\layer.js:152:17)\n    at trimPrefix (C:\\SNM_Medical\\backend\\node_modules\\router\\index.js:342:13)\n    at C:\\SNM_Medical\\backend\\node_modules\\router\\index.js:297:9\n    at processParams (C:\\SNM_Medical\\backend\\node_modules\\router\\index.js:582:12)\n    at next (C:\\SNM_Medical\\backend\\node_modules\\router\\index.js:291:5)\n    at logger (C:\\SNM_Medical\\backend\\node_modules\\morgan\\index.js:144:5)\n    at Layer.handleRequest (C:\\SNM_Medical\\backend\\node_modules\\router\\lib\\layer.js:152:17)\n    at trimPrefix (C:\\SNM_Medical\\backend\\node_modules\\router\\index.js:342:13)\n    at C:\\SNM_Medical\\backend\\node_modules\\router\\index.js:297:9\n    at processParams (C:\\SNM_Medical\\backend\\node_modules\\router\\index.js:582:12)\n    at next (C:\\SNM_Medical\\backend\\node_modules\\router\\index.js:291:5)\n    at internalNext (C:\\SNM_Medical\\backend\\node_modules\\helmet\\index.cjs:531:6)\n    at xXssProtectionMiddleware (C:\\SNM_Medical\\backend\\node_modules\\helmet\\index.cjs:311:3)\n    at internalNext (C:\\SNM_Medical\\backend\\node_modules\\helmet\\index.cjs:529:6)\n    at xPoweredByMiddleware (C:\\SNM_Medical\\backend\\node_modules\\helmet\\index.cjs:304:3)","statusCode":500,"timestamp":"2026-03-02 19:28:46","userAgent":"Mozilla/5.0 (Windows NT 10.0; Win64; x64) AppleWebKit/537.36 (KHTML, like Gecko) Chrome/145.0.0.0 Safari/537.36","userId":"anonymous"}
{"database":"snm_dispensary","environment":"development","level":"info","message":"MySQL Database connected successfully","service":"snm-medical-api","timestamp":"2026-03-02 19:35:41"}
{"environment":"development","level":"info","message":"Database query test successful","service":"snm-medical-api","timestamp":"2026-03-02 19:35:41"}
{"database":"snm_dispensary","environment":"development","level":"info","message":"MySQL Database connected successfully","service":"snm-medical-api","timestamp":"2026-03-02 19:37:49"}
{"environment":"development","level":"info","message":"Database query test successful","service":"snm-medical-api","timestamp":"2026-03-02 19:37:50"}
{"database":"snm_dispensary","environment":"development","level":"info","message":"MySQL Database connected successfully","service":"snm-medical-api","timestamp":"2026-03-02 19:37:51"}
{"environment":"development","level":"info","message":"Database query test successful","service":"snm-medical-api","timestamp":"2026-03-02 19:37:52"}
{"database":"snm_dispensary","environment":"development","level":"info","message":"MySQL Database connected successfully","service":"snm-medical-api","timestamp":"2026-03-02 19:37:53"}
{"environment":"development","level":"info","message":"Database query test successful","service":"snm-medical-api","timestamp":"2026-03-02 19:37:54"}
{"database":"snm_dispensary","environment":"development","level":"info","message":"MySQL Database connected successfully","service":"snm-medical-api","timestamp":"2026-03-02 19:37:55"}
{"environment":"development","level":"info","message":"Database query test successful","service":"snm-medical-api","timestamp":"2026-03-02 19:37:56"}
{"database":"snm_dispensary","environment":"development","level":"info","message":"MySQL Database connected successfully","service":"snm-medical-api","timestamp":"2026-03-02 19:40:08"}
{"environment":"development","level":"info","message":"Database query test successful","service":"snm-medical-api","timestamp":"2026-03-02 19:40:08"}
{"database":"snm_dispensary","environment":"development","level":"info","message":"MySQL Database connected successfully","service":"snm-medical-api","timestamp":"2026-03-02 19:40:43"}
{"environment":"development","level":"info","message":"Database query test successful","service":"snm-medical-api","timestamp":"2026-03-02 19:40:43"}
{"database":"snm_dispensary","environment":"development","level":"info","message":"MySQL Database connected successfully","service":"snm-medical-api","timestamp":"2026-03-02 19:47:37"}
{"environment":"development","level":"info","message":"Database query test successful","service":"snm-medical-api","timestamp":"2026-03-02 19:47:37"}
{"body":"{}","environment":"development","ip":"::1","level":"info","message":"Incoming Request","method":"POST","path":"/api/auth/login","requestId":"fca8dd54-2f2c-4736-ae11-40bfd6416c1a","service":"snm-medical-api","timestamp":"2026-03-02 19:47:51","userAgent":"Mozilla/5.0 (Windows NT 10.0; Win64; x64) AppleWebKit/537.36 (KHTML, like Gecko) Chrome/145.0.0.0 Safari/537.36"}
{"environment":"development","level":"warn","loginId":"7715077104","message":"Login failed - incorrect password","service":"snm-medical-api","timestamp":"2026-03-02 19:47:52","userId":5}
{"email":"N/A","environment":"development","ip":"::1","level":"error","message":"Incorrect password. Please try again.","role":"admin","service":"snm-medical-api","status":500,"timestamp":"2026-03-02 19:47:52"}
{"duration":"1190ms","environment":"development","level":"info","message":"Response Sent","method":"POST","path":"/login","requestId":"fca8dd54-2f2c-4736-ae11-40bfd6416c1a","service":"snm-medical-api","statusCode":500,"success":false,"timestamp":"2026-03-02 19:47:52"}
{"body":"{}","environment":"development","ip":"::1","level":"info","message":"Incoming Request","method":"POST","path":"/api/auth/forgot-password-validate","requestId":"613e1782-521e-4557-8d23-2a2ba234ed81","service":"snm-medical-api","timestamp":"2026-03-02 19:48:12","userAgent":"Mozilla/5.0 (Windows NT 10.0; Win64; x64) AppleWebKit/537.36 (KHTML, like Gecko) Chrome/145.0.0.0 Safari/537.36"}
{"duration":"559ms","environment":"development","level":"info","message":"Response Sent","method":"POST","path":"/forgot-password-validate","requestId":"613e1782-521e-4557-8d23-2a2ba234ed81","service":"snm-medical-api","statusCode":200,"success":true,"timestamp":"2026-03-02 19:48:13"}
{"body":"{}","environment":"development","ip":"::1","level":"info","message":"Incoming Request","method":"POST","path":"/api/auth/reset-password","requestId":"d7563ef8-e50a-400a-be6a-5a88fbb39af5","service":"snm-medical-api","timestamp":"2026-03-02 19:48:24","userAgent":"Mozilla/5.0 (Windows NT 10.0; Win64; x64) AppleWebKit/537.36 (KHTML, like Gecko) Chrome/145.0.0.0 Safari/537.36"}
{"environment":"development","level":"info","message":"Password reset successful","regId":5,"service":"snm-medical-api","timestamp":"2026-03-02 19:48:25"}
{"duration":"1118ms","environment":"development","level":"info","message":"Response Sent","method":"POST","path":"/reset-password","requestId":"d7563ef8-e50a-400a-be6a-5a88fbb39af5","service":"snm-medical-api","statusCode":200,"success":true,"timestamp":"2026-03-02 19:48:25"}
{"body":"{}","environment":"development","ip":"::1","level":"info","message":"Incoming Request","method":"POST","path":"/api/auth/login","requestId":"35aa8aba-f5f6-4526-aa25-64753c6b060c","service":"snm-medical-api","timestamp":"2026-03-02 19:48:38","userAgent":"Mozilla/5.0 (Windows NT 10.0; Win64; x64) AppleWebKit/537.36 (KHTML, like Gecko) Chrome/145.0.0.0 Safari/537.36"}
{"email":"aashishravidas251@gmail.com","environment":"development","event":"login_success","level":"info","message":"Auth - login_success","role":"admin","service":"snm-medical-api","timestamp":"2026-03-02T14:18:39.614Z","userId":5,"userType":"admin"}
{"duration":"867ms","environment":"development","level":"info","message":"Response Sent","method":"POST","path":"/login","requestId":"35aa8aba-f5f6-4526-aa25-64753c6b060c","service":"snm-medical-api","statusCode":200,"success":true,"timestamp":"2026-03-02 19:48:39"}
{"body":"N/A","environment":"development","ip":"::1","level":"info","message":"Incoming Request","method":"GET","path":"/uploads/profile_img/83802585-3d7c-4967-9716-3331863d1600.png","requestId":"6240cb7e-c75b-46f6-b4f2-5ea04bd1f595","service":"snm-medical-api","timestamp":"2026-03-02 19:48:39","userAgent":"Mozilla/5.0 (Windows NT 10.0; Win64; x64) AppleWebKit/537.36 (KHTML, like Gecko) Chrome/145.0.0.0 Safari/537.36"}
{"environment":"development","level":"warn","message":"404 - Route not found","method":"GET","path":"/uploads/profile_img/83802585-3d7c-4967-9716-3331863d1600.png","service":"snm-medical-api","timestamp":"2026-03-02 19:48:39"}
{"duration":"4ms","environment":"development","level":"info","message":"Response Sent","method":"GET","path":"/uploads/profile_img/83802585-3d7c-4967-9716-3331863d1600.png","requestId":"6240cb7e-c75b-46f6-b4f2-5ea04bd1f595","service":"snm-medical-api","statusCode":404,"success":false,"timestamp":"2026-03-02 19:48:39"}
{"body":"N/A","environment":"development","ip":"::1","level":"info","message":"Incoming Request","method":"GET","path":"/api/dashboard/stats","requestId":"9fc0a518-4dad-41cf-8a62-8659e4c2079f","service":"snm-medical-api","timestamp":"2026-03-02 19:48:40","userAgent":"Mozilla/5.0 (Windows NT 10.0; Win64; x64) AppleWebKit/537.36 (KHTML, like Gecko) Chrome/145.0.0.0 Safari/537.36"}
{"body":"N/A","environment":"development","ip":"::1","level":"info","message":"Incoming Request","method":"GET","path":"/api/dashboard/profile","requestId":"821036c7-febc-45c9-aef6-18ab433d0220","service":"snm-medical-api","timestamp":"2026-03-02 19:48:40","userAgent":"Mozilla/5.0 (Windows NT 10.0; Win64; x64) AppleWebKit/537.36 (KHTML, like Gecko) Chrome/145.0.0.0 Safari/537.36"}
{"duration":"1129ms","environment":"development","level":"info","message":"Response Sent","method":"GET","path":"/stats","requestId":"9fc0a518-4dad-41cf-8a62-8659e4c2079f","service":"snm-medical-api","statusCode":200,"success":true,"timestamp":"2026-03-02 19:48:41"}
{"duration":"1473ms","environment":"development","level":"info","message":"Response Sent","method":"GET","path":"/profile","requestId":"821036c7-febc-45c9-aef6-18ab433d0220","service":"snm-medical-api","statusCode":200,"success":true,"timestamp":"2026-03-02 19:48:41"}
{"body":"N/A","environment":"development","ip":"::1","level":"info","message":"Incoming Request","method":"GET","path":"/api/registration/dropdown-data","requestId":"c254e242-441f-4db0-8cb3-a00c5e528180","service":"snm-medical-api","timestamp":"2026-03-02 19:48:45","userAgent":"Mozilla/5.0 (Windows NT 10.0; Win64; x64) AppleWebKit/537.36 (KHTML, like Gecko) Chrome/145.0.0.0 Safari/537.36"}
{"body":"{}","environment":"development","ip":"::1","level":"info","message":"Incoming Request","method":"POST","path":"/api/search/master","requestId":"ee92bee9-1880-489b-bf71-9d7dcc5a48ec","service":"snm-medical-api","timestamp":"2026-03-02 19:48:48","userAgent":"Mozilla/5.0 (Windows NT 10.0; Win64; x64) AppleWebKit/537.36 (KHTML, like Gecko) Chrome/145.0.0.0 Safari/537.36"}
{"duration":"3278ms","environment":"development","level":"info","message":"Response Sent","method":"GET","path":"/dropdown-data","requestId":"c254e242-441f-4db0-8cb3-a00c5e528180","service":"snm-medical-api","statusCode":200,"success":true,"timestamp":"2026-03-02 19:48:49"}
{"duration":"612ms","environment":"development","level":"info","message":"Response Sent","method":"POST","path":"/master","requestId":"ee92bee9-1880-489b-bf71-9d7dcc5a48ec","service":"snm-medical-api","statusCode":200,"success":true,"timestamp":"2026-03-02 19:48:49"}
{"body":"N/A","environment":"development","ip":"::1","level":"info","message":"Incoming Request","method":"GET","path":"/api/user/update-profile/41","requestId":"667b3130-23a9-4034-852c-9f6481a29725","service":"snm-medical-api","timestamp":"2026-03-02 19:49:02","userAgent":"Mozilla/5.0 (Windows NT 10.0; Win64; x64) AppleWebKit/537.36 (KHTML, like Gecko) Chrome/145.0.0.0 Safari/537.36"}
{"duration":"558ms","environment":"development","level":"info","message":"Response Sent","method":"GET","path":"/update-profile/41","requestId":"667b3130-23a9-4034-852c-9f6481a29725","service":"snm-medical-api","statusCode":200,"success":true,"timestamp":"2026-03-02 19:49:02"}
{"body":"N/A","environment":"development","ip":"::1","level":"info","message":"Incoming Request","method":"GET","path":"/api/registration/cities/22","requestId":"fe8e7d7e-2a51-428b-980f-5ec4fce8d003","service":"snm-medical-api","timestamp":"2026-03-02 19:49:02","userAgent":"Mozilla/5.0 (Windows NT 10.0; Win64; x64) AppleWebKit/537.36 (KHTML, like Gecko) Chrome/145.0.0.0 Safari/537.36"}
{"duration":"587ms","environment":"development","level":"info","message":"Response Sent","method":"GET","path":"/cities/22","requestId":"fe8e7d7e-2a51-428b-980f-5ec4fce8d003","service":"snm-medical-api","statusCode":200,"success":true,"timestamp":"2026-03-02 19:49:03"}
{"database":"snm_dispensary","environment":"development","level":"info","message":"MySQL Database connected successfully","service":"snm-medical-api","timestamp":"2026-03-02 21:52:06"}
{"environment":"development","level":"info","message":"Database query test successful","service":"snm-medical-api","timestamp":"2026-03-02 21:52:07"}
{"database":"snm_dispensary","environment":"development","level":"info","message":"MySQL Database connected successfully","service":"snm-medical-api","timestamp":"2026-03-02 22:12:27"}
{"environment":"development","level":"info","message":"Database query test successful","service":"snm-medical-api","timestamp":"2026-03-02 22:12:27"}
{"database":"snm_dispensary","environment":"development","level":"info","message":"MySQL Database connected successfully","service":"snm-medical-api","timestamp":"2026-03-02 23:14:50"}
{"environment":"development","level":"info","message":"Database query test successful","service":"snm-medical-api","timestamp":"2026-03-02 23:14:51"}
{"environment":"development","error":"connect ETIMEDOUT","level":"error","message":"Database connection failed","service":"snm-medical-api","timestamp":"2026-03-14 17:01:30"}
{"database":"snm_dispensary","environment":"development","level":"info","message":"MySQL Database connected successfully","service":"snm-medical-api","timestamp":"2026-03-14 17:02:26"}
{"environment":"development","level":"info","message":"Database query test successful","service":"snm-medical-api","timestamp":"2026-03-14 17:02:27"}
{"database":"snm_dispensary","environment":"development","level":"info","message":"MySQL Database connected successfully","service":"snm-medical-api","timestamp":"2026-03-14 17:12:26"}
{"environment":"development","level":"info","message":"Database query test successful","service":"snm-medical-api","timestamp":"2026-03-14 17:12:26"}
{"database":"snm_dispensary","environment":"development","level":"info","message":"MySQL Database connected successfully","service":"snm-medical-api","timestamp":"2026-03-14 17:12:37"}
{"environment":"development","level":"info","message":"Database query test successful","service":"snm-medical-api","timestamp":"2026-03-14 17:12:37"}
{"body":"N/A","environment":"development","ip":"::1","level":"info","message":"Incoming Request","method":"GET","path":"/api/dropdown-data","requestId":"316323fb-5855-4755-9fb5-ff40a4239a6f","service":"snm-medical-api","timestamp":"2026-03-14 17:13:00","userAgent":"Mozilla/5.0 (Windows NT 10.0; Win64; x64) AppleWebKit/537.36 (KHTML, like Gecko) Chrome/145.0.0.0 Safari/537.36"}
{"environment":"development","level":"warn","message":"404 - Route not found","method":"GET","path":"/api/dropdown-data","service":"snm-medical-api","timestamp":"2026-03-14 17:13:00"}
{"duration":"3ms","environment":"development","level":"info","message":"Response Sent","method":"GET","path":"/api/dropdown-data","requestId":"316323fb-5855-4755-9fb5-ff40a4239a6f","service":"snm-medical-api","statusCode":404,"success":false,"timestamp":"2026-03-14 17:13:00"}
{"database":"snm_dispensary","environment":"development","level":"info","message":"MySQL Database connected successfully","service":"snm-medical-api","timestamp":"2026-03-14 17:15:51"}
{"environment":"development","level":"info","message":"Database query test successful","service":"snm-medical-api","timestamp":"2026-03-14 17:15:52"}
{"database":"snm_dispensary","environment":"development","level":"info","message":"MySQL Database connected successfully","service":"snm-medical-api","timestamp":"2026-03-14 17:16:00"}
{"environment":"development","level":"info","message":"Database query test successful","service":"snm-medical-api","timestamp":"2026-03-14 17:16:01"}
{"database":"snm_dispensary","environment":"development","level":"info","message":"MySQL Database connected successfully","service":"snm-medical-api","timestamp":"2026-03-14 17:16:11"}
{"environment":"development","level":"info","message":"Database query test successful","service":"snm-medical-api","timestamp":"2026-03-14 17:16:11"}
{"database":"snm_dispensary","environment":"development","level":"info","message":"MySQL Database connected successfully","service":"snm-medical-api","timestamp":"2026-03-14 17:16:29"}
{"environment":"development","level":"info","message":"Database query test successful","service":"snm-medical-api","timestamp":"2026-03-14 17:16:29"}
{"database":"snm_dispensary","environment":"development","level":"info","message":"MySQL Database connected successfully","service":"snm-medical-api","timestamp":"2026-03-14 17:16:33"}
{"environment":"development","level":"info","message":"Database query test successful","service":"snm-medical-api","timestamp":"2026-03-14 17:16:34"}
{"database":"snm_dispensary","environment":"development","level":"info","message":"MySQL Database connected successfully","service":"snm-medical-api","timestamp":"2026-03-14 17:16:40"}
{"database":"snm_dispensary","environment":"development","level":"info","message":"MySQL Database connected successfully","service":"snm-medical-api","timestamp":"2026-03-14 17:16:42"}
{"environment":"development","level":"info","message":"Database query test successful","service":"snm-medical-api","timestamp":"2026-03-14 17:16:42"}
{"database":"snm_dispensary","environment":"development","level":"info","message":"MySQL Database connected successfully","service":"snm-medical-api","timestamp":"2026-03-14 17:17:33"}
{"environment":"development","level":"info","message":"Database query test successful","service":"snm-medical-api","timestamp":"2026-03-14 17:17:33"}
{"database":"snm_dispensary","environment":"development","level":"info","message":"MySQL Database connected successfully","service":"snm-medical-api","timestamp":"2026-03-14 17:17:41"}
{"environment":"development","level":"info","message":"Database query test successful","service":"snm-medical-api","timestamp":"2026-03-14 17:17:42"}
{"database":"snm_dispensary","environment":"development","level":"info","message":"MySQL Database connected successfully","service":"snm-medical-api","timestamp":"2026-03-14 17:18:13"}
{"environment":"development","level":"info","message":"Database query test successful","service":"snm-medical-api","timestamp":"2026-03-14 17:18:13"}
{"database":"snm_dispensary","environment":"development","level":"info","message":"MySQL Database connected successfully","service":"snm-medical-api","timestamp":"2026-03-14 17:18:46"}
{"environment":"development","level":"info","message":"Database query test successful","service":"snm-medical-api","timestamp":"2026-03-14 17:18:46"}
{"body":"N/A","environment":"development","ip":"::1","level":"info","message":"Incoming Request","method":"GET","path":"/api/cities/28","requestId":"6a9cd44f-5701-414e-84cd-463151676761","service":"snm-medical-api","timestamp":"2026-03-14 17:21:48","userAgent":"Mozilla/5.0 (Windows NT 10.0; Win64; x64) AppleWebKit/537.36 (KHTML, like Gecko) Chrome/145.0.0.0 Safari/537.36"}
{"environment":"development","level":"warn","message":"404 - Route not found","method":"GET","path":"/api/cities/28","service":"snm-medical-api","timestamp":"2026-03-14 17:21:48"}
{"duration":"2ms","environment":"development","level":"info","message":"Response Sent","method":"GET","path":"/api/cities/28","requestId":"6a9cd44f-5701-414e-84cd-463151676761","service":"snm-medical-api","statusCode":404,"success":false,"timestamp":"2026-03-14 17:21:48"}
{"body":"N/A","environment":"development","ip":"::1","level":"info","message":"Incoming Request","method":"GET","path":"/api/stats","requestId":"d1db0788-4a33-4ca4-82a3-9da5afe6313e","service":"snm-medical-api","timestamp":"2026-03-14 17:23:26","userAgent":"Mozilla/5.0 (Windows NT 10.0; Win64; x64) AppleWebKit/537.36 (KHTML, like Gecko) Chrome/145.0.0.0 Safari/537.36"}
{"environment":"development","level":"warn","message":"404 - Route not found","method":"GET","path":"/api/stats","service":"snm-medical-api","timestamp":"2026-03-14 17:23:26"}
{"duration":"1ms","environment":"development","level":"info","message":"Response Sent","method":"GET","path":"/api/stats","requestId":"d1db0788-4a33-4ca4-82a3-9da5afe6313e","service":"snm-medical-api","statusCode":404,"success":false,"timestamp":"2026-03-14 17:23:26"}
{"environment":"development","error":"Access denied for user 'root'@'localhost' (using password: YES)","level":"error","message":"Database connection failed","service":"snm-medical-api","timestamp":"2026-06-12 22:39:03"}
{"environment":"development","error":"Access denied for user 'root'@'localhost' (using password: YES)","level":"error","message":"Database connection failed","service":"snm-medical-api","timestamp":"2026-06-13 07:16:44"}
{"environment":"development","error":"Access denied for user 'root'@'localhost' (using password: YES)","level":"error","message":"Database connection failed","service":"snm-medical-api","timestamp":"2026-06-13 17:27:56"}
{"environment":"development","error":"Access denied for user 'root'@'localhost' (using password: YES)","level":"error","message":"Database connection failed","service":"snm-medical-api","timestamp":"2026-06-14 18:08:51"}
{"environment":"development","error":"Access denied for user 'root'@'localhost' (using password: YES)","level":"error","message":"Database connection failed","service":"snm-medical-api","timestamp":"2026-06-20 00:19:10"}
{"database":"defaultdb","environment":"development","level":"info","message":"MySQL Database connected successfully","service":"snm-medical-api","timestamp":"2026-06-27 22:33:30"}
{"environment":"development","level":"info","message":"Database query test successful","service":"snm-medical-api","timestamp":"2026-06-27 22:33:30"}
{"database":"defaultdb","environment":"development","level":"info","message":"MySQL Database connected successfully","service":"snm-medical-api","timestamp":"2026-06-27 22:33:41"}
{"environment":"development","level":"info","message":"Database query test successful","service":"snm-medical-api","timestamp":"2026-06-27 22:33:41"}
{"database":"defaultdb","environment":"development","level":"info","message":"MySQL Database connected successfully","service":"snm-medical-api","timestamp":"2026-07-12 21:27:21"}
{"environment":"development","level":"info","message":"Database query test successful","service":"snm-medical-api","timestamp":"2026-07-12 21:27:21"}
{"database":"defaultdb","environment":"development","level":"info","message":"MySQL Database connected successfully","service":"snm-medical-api","timestamp":"2026-07-18 13:11:06"}
{"environment":"development","level":"info","message":"Database query test successful","service":"snm-medical-api","timestamp":"2026-07-18 13:11:06"}
{"body":"N/A","environment":"development","ip":"::1","level":"info","message":"Incoming Request","method":"GET","path":"/api/dashboard/stats","requestId":"d59d0a06-556f-43cf-8af0-23a182a76279","service":"snm-medical-api","timestamp":"2026-07-18 13:11:52","userAgent":"Mozilla/5.0 (Windows NT 10.0; Win64; x64) AppleWebKit/537.36 (KHTML, like Gecko) Chrome/150.0.0.0 Safari/537.36"}
{"duration":"10ms","environment":"development","level":"info","message":"Response Sent","method":"GET","path":"/stats","requestId":"d59d0a06-556f-43cf-8af0-23a182a76279","service":"snm-medical-api","statusCode":401,"success":false,"timestamp":"2026-07-18 13:11:52"}
{"body":"{}","environment":"development","ip":"::1","level":"info","message":"Incoming Request","method":"POST","path":"/api/auth/login","requestId":"b004a943-60a6-40db-83d7-14ceec0994f8","service":"snm-medical-api","timestamp":"2026-07-18 13:13:06","userAgent":"Mozilla/5.0 (Windows NT 10.0; Win64; x64) AppleWebKit/537.36 (KHTML, like Gecko) Chrome/150.0.0.0 Safari/537.36"}
{"environment":"development","level":"warn","loginId":"7715077104","message":"Login failed - incorrect password","service":"snm-medical-api","timestamp":"2026-07-18 13:13:16","userId":5}
{"email":"7715077104","environment":"development","ip":"::1","level":"error","message":"Incorrect password. Please try again.","role":"admin","service":"snm-medical-api","status":500,"timestamp":"2026-07-18 13:13:16"}
{"duration":"9946ms","environment":"development","level":"info","message":"Response Sent","method":"POST","path":"/login","requestId":"b004a943-60a6-40db-83d7-14ceec0994f8","service":"snm-medical-api","statusCode":500,"success":false,"timestamp":"2026-07-18 13:13:16"}
{"body":"{}","environment":"development","ip":"::1","level":"info","message":"Incoming Request","method":"POST","path":"/api/auth/login","requestId":"45f0189b-aaf0-4998-81f7-29689b84055f","service":"snm-medical-api","timestamp":"2026-07-18 13:13:38","userAgent":"Mozilla/5.0 (Windows NT 10.0; Win64; x64) AppleWebKit/537.36 (KHTML, like Gecko) Chrome/150.0.0.0 Safari/537.36"}
{"email":"aashishravidas251@gmail.com","environment":"development","event":"login_success","level":"info","message":"Auth - login_success","role":"admin","service":"snm-medical-api","timestamp":"2026-07-18T07:43:46.463Z","userId":5,"userType":"admin"}
{"duration":"7498ms","environment":"development","level":"info","message":"Response Sent","method":"POST","path":"/login","requestId":"45f0189b-aaf0-4998-81f7-29689b84055f","service":"snm-medical-api","statusCode":200,"success":true,"timestamp":"2026-07-18 13:13:46"}
{"database":"defaultdb","environment":"development","level":"info","message":"MySQL Database connected successfully","service":"snm-medical-api","timestamp":"2026-07-18 17:41:54"}
{"environment":"development","level":"info","message":"Database query test successful","service":"snm-medical-api","timestamp":"2026-07-18 17:41:54"}
{"database":"defaultdb","environment":"development","level":"info","message":"MySQL Database connected successfully","service":"snm-medical-api","timestamp":"2026-07-18 17:49:20"}
{"environment":"development","level":"info","message":"Database query test successful","service":"snm-medical-api","timestamp":"2026-07-18 17:49:20"}
{"database":"defaultdb","environment":"development","level":"info","message":"MySQL Database connected successfully","service":"snm-medical-api","timestamp":"2026-07-18 17:49:33"}
{"environment":"development","level":"info","message":"Database query test successful","service":"snm-medical-api","timestamp":"2026-07-18 17:49:33"}
{"database":"snm_dispensary","environment":"development","level":"info","message":"MySQL Database connected successfully","service":"snm-medical-api","timestamp":"2026-07-18 17:50:09"}
{"environment":"development","level":"info","message":"Database query test successful","service":"snm-medical-api","timestamp":"2026-07-18 17:50:09"}
{"database":"snm_dispensary","environment":"development","level":"info","message":"MySQL Database connected successfully","service":"snm-medical-api","timestamp":"2026-07-18 17:50:21"}
{"environment":"development","level":"info","message":"Database query test successful","service":"snm-medical-api","timestamp":"2026-07-18 17:50:21"}
{"database":"snm_dispensary","environment":"development","level":"info","message":"MySQL Database connected successfully","service":"snm-medical-api","timestamp":"2026-07-18 17:51:05"}
{"environment":"development","level":"info","message":"Database query test successful","service":"snm-medical-api","timestamp":"2026-07-18 17:51:05"}
{"database":"snm_dispensary","environment":"development","level":"info","message":"MySQL Database connected successfully","service":"snm-medical-api","timestamp":"2026-07-18 17:52:30"}
{"environment":"development","level":"info","message":"Database query test successful","service":"snm-medical-api","timestamp":"2026-07-18 17:52:30"}
{"database":"snm_dispensary","environment":"development","level":"info","message":"MySQL Database connected successfully","service":"snm-medical-api","timestamp":"2026-07-18 17:52:35"}
{"environment":"development","level":"info","message":"Database query test successful","service":"snm-medical-api","timestamp":"2026-07-18 17:52:35"}
{"database":"snm_dispensary","environment":"development","level":"info","message":"MySQL Database connected successfully","service":"snm-medical-api","timestamp":"2026-07-18 18:37:16"}
{"environment":"development","level":"info","message":"Database query test successful","service":"snm-medical-api","timestamp":"2026-07-18 18:37:16"}
{"database":"snm_dispensary","environment":"development","level":"info","message":"MySQL Database connected successfully","service":"snm-medical-api","timestamp":"2026-07-18 18:37:23"}
{"environment":"development","level":"info","message":"Database query test successful","service":"snm-medical-api","timestamp":"2026-07-18 18:37:23"}
{"database":"snm_dispensary","environment":"development","level":"info","message":"MySQL Database connected successfully","service":"snm-medical-api","timestamp":"2026-07-18 18:37:30"}
{"environment":"development","level":"info","message":"Database query test successful","service":"snm-medical-api","timestamp":"2026-07-18 18:37:30"}
{"database":"snm_dispensary","environment":"development","level":"info","message":"MySQL Database connected successfully","service":"snm-medical-api","timestamp":"2026-07-18 18:37:38"}
{"environment":"development","level":"info","message":"Database query test successful","service":"snm-medical-api","timestamp":"2026-07-18 18:37:38"}
{"database":"snm_dispensary","environment":"development","level":"info","message":"MySQL Database connected successfully","service":"snm-medical-api","timestamp":"2026-07-18 18:45:30"}
{"environment":"development","level":"info","message":"Database query test successful","service":"snm-medical-api","timestamp":"2026-07-18 18:45:30"}
{"database":"snm_dispensary","environment":"development","level":"info","message":"MySQL Database connected successfully","service":"snm-medical-api","timestamp":"2026-07-18 18:45:35"}
{"environment":"development","level":"info","message":"Database query test successful","service":"snm-medical-api","timestamp":"2026-07-18 18:45:35"}
{"database":"snm_dispensary","environment":"development","level":"info","message":"MySQL Database connected successfully","service":"snm-medical-api","timestamp":"2026-07-18 18:45:41"}
{"environment":"development","level":"info","message":"Database query test successful","service":"snm-medical-api","timestamp":"2026-07-18 18:45:41"}
{"database":"snm_dispensary","environment":"development","level":"info","message":"MySQL Database connected successfully","service":"snm-medical-api","timestamp":"2026-07-18 18:50:18"}
{"environment":"development","level":"info","message":"Database query test successful","service":"snm-medical-api","timestamp":"2026-07-18 18:50:18"}
{"code":"ENOTFOUND","database":"snm_dispensary","environment":"development","errno":-3008,"error":"getaddrinfo ENOTFOUND snm-dispensary-snm-medical-2606.l.aivencloud.com","host":"snm-dispensary-snm-medical-2606.l.aivencloud.com","level":"error","message":"Database connection failed","port":24362,"service":"snm-medical-api","timestamp":"2026-09-06 17:27:32"}
{"code":"ENOTFOUND","database":"snm_dispensary","environment":"development","errno":-3008,"error":"getaddrinfo ENOTFOUND snm-dispensary-snm-medical-2606.l.aivencloud.com","host":"snm-dispensary-snm-medical-2606.l.aivencloud.com","level":"error","message":"Database connection failed","port":24362,"service":"snm-medical-api","timestamp":"2026-09-06 17:32:17"}
{"database":"snm_dispensary","environment":"development","level":"info","message":"MySQL Database connected successfully","service":"snm-medical-api","timestamp":"2026-09-06 17:33:34"}
{"environment":"development","level":"info","message":"Database query test successful","service":"snm-medical-api","timestamp":"2026-09-06 17:33:34"}
{"database":"snm_dispensary","environment":"development","level":"info","message":"MySQL Database connected successfully","service":"snm-medical-api","timestamp":"2026-09-06 20:55:22"}
{"environment":"development","level":"info","message":"Database query test successful","service":"snm-medical-api","timestamp":"2026-09-06 20:55:22"}
{"body":"N/A","environment":"development","ip":"::1","level":"info","message":"Incoming Request","method":"GET","path":"/api/patients","requestId":"581f59db-637e-450a-8b35-90def68c9bbf","service":"snm-medical-api","timestamp":"2026-09-06 21:01:31","userAgent":"Mozilla/5.0 (Windows NT 10.0; Win64; x64) AppleWebKit/537.36 (KHTML, like Gecko) Chrome/152.0.0.0 Safari/537.36"}
{"duration":"6ms","environment":"development","level":"info","message":"Response Sent","method":"GET","path":"/","requestId":"581f59db-637e-450a-8b35-90def68c9bbf","service":"snm-medical-api","statusCode":200,"success":true,"timestamp":"2026-09-06 21:01:31"}
{"body":"N/A","environment":"development","ip":"::1","level":"info","message":"Incoming Request","method":"GET","path":"/favicon.ico","requestId":"6343df6d-2f18-40e5-b2c7-217aed5aae8b","service":"snm-medical-api","timestamp":"2026-09-06 21:01:31","userAgent":"Mozilla/5.0 (Windows NT 10.0; Win64; x64) AppleWebKit/537.36 (KHTML, like Gecko) Chrome/152.0.0.0 Safari/537.36"}
{"environment":"development","level":"warn","message":"404 - Route not found","method":"GET","path":"/favicon.ico","service":"snm-medical-api","timestamp":"2026-09-06 21:01:31"}
{"duration":"3ms","environment":"development","level":"info","message":"Response Sent","method":"GET","path":"/favicon.ico","requestId":"6343df6d-2f18-40e5-b2c7-217aed5aae8b","service":"snm-medical-api","statusCode":404,"success":false,"timestamp":"2026-09-06 21:01:31"}
{"database":"snm_dispensary","environment":"development","level":"info","message":"MySQL Database connected successfully","service":"snm-medical-api","timestamp":"2026-09-06 21:03:57"}
{"environment":"development","level":"info","message":"Database query test successful","service":"snm-medical-api","timestamp":"2026-09-06 21:03:57"}
{"database":"snm_dispensary","environment":"development","level":"info","message":"MySQL Database connected successfully","service":"snm-medical-api","timestamp":"2026-09-06 21:04:09"}
{"environment":"development","level":"info","message":"Database query test successful","service":"snm-medical-api","timestamp":"2026-09-06 21:04:09"}
{"database":"snm_dispensary","environment":"development","level":"info","message":"MySQL Database connected successfully","service":"snm-medical-api","timestamp":"2026-09-06 21:04:43"}
{"environment":"development","level":"info","message":"Database query test successful","service":"snm-medical-api","timestamp":"2026-09-06 21:04:43"}
